
> build
> nuxt build

[90mÔöî[39m  [36mBuilding Nuxt for production...[39m
[90mÔöé[39m
[34mÔùÅ[39m  [32mNuxt [1m4.3.1[22m[39m[90m (with [39m[90mNitro [1m2.13.1[22m[39m[90m, Vite [1m7.3.1[22m[39m[90m and Vue [1m3.5.29[22m[39m[90m)[39m
[90m[[90mnuxt-studio[90m][39m [36mÔä╣[39m Using repository: github:undefined/undefined#undefined

 ERROR  Repository owner and repository name are required

    at setup (/C:/DEV/nuxtlandingpagetemplates/node_modules/nuxt-studio/dist/module/module.mjs:284:13)
    at normalizedModule (/C:/DEV/nuxtlandingpagetemplates/node_modules/@nuxt/kit/dist/index.mjs:165:35)
    at async callModule (/C:/DEV/nuxtlandingpagetemplates/node_modules/@nuxt/kit/dist/index.mjs:706:46)
    at async installModules (/C:/DEV/nuxtlandingpagetemplates/node_modules/@nuxt/kit/dist/index.mjs:550:3)
    at async initNuxt (/C:/DEV/nuxtlandingpagetemplates/node_modules/nuxt/dist/index.mjs:6033:3)
    at async loadNuxt (/C:/DEV/nuxtlandingpagetemplates/node_modules/nuxt/dist/index.mjs:6243:5)
    at async Module.loadNuxt (/C:/DEV/nuxtlandingpagetemplates/node_modules/@nuxt/kit/dist/index.mjs:886:9)
    at async Object.run (/C:/DEV/nuxtlandingpagetemplates/node_modules/@nuxt/cli/dist/build-CrY4JY0C.mjs:42:16)
    at async runCommand (/C:/DEV/nuxtlandingpagetemplates/node_modules/@nuxt/cli/node_modules/citty/dist/index.mjs:188:47)
    at async runCommand (/C:/DEV/nuxtlandingpagetemplates/node_modules/@nuxt/cli/node_modules/citty/dist/index.mjs:185:21) 


